access:
  connection_options: {}
  data: {}
  groups:
  - ios
  hostname: null
  password: null
  platform: null
  port: null
  username: null
asa:
  connection_options: {}
  data:
    ansible_become: yes
    ansible_become_method: enable
    ansible_network_os: asa
    ansible_persistent_command_timeout: 30
    cisco_asa: true
    network_os: asa
  groups:
  - virl
  hostname: null
  password: null
  platform: null
  port: null
  username: null
dist:
  connection_options: {}
  data: {}
  groups:
  - ios
  hostname: null
  password: null
  platform: null
  port: null
  username: null
ios:
  connection_options: {}
  data:
    network_os: ios
    nornir_nos: ios
  groups:
  - virl
  hostname: null
  password: null
  platform: ios
  port: null
  username: null
routers:
  connection_options: {}
  data: {}
  groups:
  - ios
  hostname: null
  password: null
  platform: null
  port: null
  username: null
virl:
  connection_options: {}
  data: {}
  groups: []
  hostname: null
  password: null
  platform: null
  port: null
  username: null
dbservers:
  connection_options: {}
  data:
    my_var: from_dbservers
    my_yet_another_var: from_dbservers
  groups:
  - servers
  hostname: null
  password: null
  platform: null
  port: null
  username: null
frontend:
  connection_options: {}
  data: {}
  groups: []
  hostname: null
  password: null
  platform: null
  port: null
  username: null
servers:
  connection_options: {}
  data:
    escape_pods: 2
    halon_system_timeout: 30
    self_destruct_countdown: 60
    some_server: foo.southeast.example.com
  groups: []
  hostname: null
  password: null
  platform: null
  port: null
  username: null
webservers:
  connection_options: {}
  data: {}
  groups:
  - servers
  hostname: null
  password: null
  platform: null
  port: null
  username: null
